// Jest Snapshot v1, https://goo.gl/fbAQLP

exports[`Pruebas en el componente <LoginPage/> comparar <LoginPage /> con su snapshot 1`] = `
<div>
  <div
    class="MuiBox-root css-1uygidu"
  >
    <div
      class="MuiBox-root css-8suzv6"
    >
      <form>
        <div
          class="MuiGrid-root MuiGrid-container css-1vam7s3-MuiGrid-root"
        >
          <div
            class="MuiGrid-root MuiGrid-container css-1lym95h-MuiGrid-root"
          >
            <img
              alt="brand logo"
              src="../../src/assets/super5Balnco2.png"
              style="height: 100px; width: 300px; object-fit: cover;"
            />
          </div>
          <div
            class="MuiGrid-root MuiGrid-item MuiGrid-grid-xs-12 css-yp0tso-MuiGrid-root"
          >
            <h6
              class="MuiTypography-root MuiTypography-subtitle2 css-1ovtx3w-MuiTypography-root"
            >
              Acceso
            </h6>
            <div
              class="MuiFormControl-root MuiFormControl-fullWidth MuiTextField-root css-1kpu9k-MuiFormControl-root-MuiTextField-root"
            >
              <label
                class="MuiFormLabel-root MuiInputLabel-root MuiInputLabel-formControl MuiInputLabel-animated MuiInputLabel-sizeSmall MuiInputLabel-filled MuiFormLabel-colorPrimary MuiInputLabel-root MuiInputLabel-formControl MuiInputLabel-animated MuiInputLabel-sizeSmall MuiInputLabel-filled css-1mog9k0-MuiFormLabel-root-MuiInputLabel-root"
                data-shrink="false"
                for=":r4:"
                id=":r4:-label"
              >
                Email/Usuario
              </label>
              <div
                class="MuiInputBase-root MuiFilledInput-root MuiFilledInput-underline MuiInputBase-colorPrimary MuiInputBase-fullWidth MuiInputBase-formControl MuiInputBase-sizeSmall css-2y464i-MuiInputBase-root-MuiFilledInput-root"
              >
                <input
                  aria-invalid="false"
                  class="MuiInputBase-input MuiFilledInput-input MuiInputBase-inputSizeSmall css-c5v1qu-MuiInputBase-input-MuiFilledInput-input"
                  id=":r4:"
                  name="username"
                  type="text"
                  value=""
                />
              </div>
            </div>
          </div>
          <div
            class="MuiGrid-root MuiGrid-item MuiGrid-grid-xs-12 css-5pv5pv-MuiGrid-root"
          >
            <div
              class="MuiFormControl-root MuiFormControl-fullWidth MuiTextField-root css-1kpu9k-MuiFormControl-root-MuiTextField-root"
            >
              <label
                class="MuiFormLabel-root MuiInputLabel-root MuiInputLabel-formControl MuiInputLabel-animated MuiInputLabel-sizeSmall MuiInputLabel-filled MuiFormLabel-colorPrimary MuiInputLabel-root MuiInputLabel-formControl MuiInputLabel-animated MuiInputLabel-sizeSmall MuiInputLabel-filled css-1mog9k0-MuiFormLabel-root-MuiInputLabel-root"
                data-shrink="false"
                for=":r5:"
                id=":r5:-label"
              >
                Contraseña
              </label>
              <div
                class="MuiInputBase-root MuiFilledInput-root MuiFilledInput-underline MuiInputBase-colorPrimary MuiInputBase-fullWidth MuiInputBase-formControl MuiInputBase-sizeSmall css-2y464i-MuiInputBase-root-MuiFilledInput-root"
              >
                <input
                  aria-invalid="false"
                  class="MuiInputBase-input MuiFilledInput-input MuiInputBase-inputSizeSmall css-c5v1qu-MuiInputBase-input-MuiFilledInput-input"
                  id=":r5:"
                  name="password"
                  type="password"
                  value=""
                />
              </div>
            </div>
          </div>
          <div
            class="MuiGrid-root MuiGrid-container css-14usrz-MuiGrid-root"
          >
            <div
              class="MuiGrid-root MuiGrid-item MuiGrid-grid-xs-12 css-1idn90j-MuiGrid-root"
            >
              <button
                class="MuiButtonBase-root MuiButton-root MuiButton-contained MuiButton-containedPrimary MuiButton-sizeSmall MuiButton-containedSizeSmall MuiButton-fullWidth MuiButton-root MuiButton-contained MuiButton-containedPrimary MuiButton-sizeSmall MuiButton-containedSizeSmall MuiButton-fullWidth css-1c5ch3b-MuiButtonBase-root-MuiButton-root"
                tabindex="0"
                type="submit"
              >
                Iniciar sesion
                <span
                  class="MuiTouchRipple-root css-8je8zh-MuiTouchRipple-root"
                />
              </button>
            </div>
            <div
              class="MuiGrid-root MuiGrid-container css-1hbmzt3-MuiGrid-root"
            >
              <p
                class="MuiTypography-root MuiTypography-body1 css-h3yix-MuiTypography-root"
              >
                ¿No tienes una cuenta?
              </p>
              <button
                class="MuiButtonBase-root MuiButton-root MuiButton-text MuiButton-textPrimary MuiButton-sizeMedium MuiButton-textSizeMedium MuiButton-root MuiButton-text MuiButton-textPrimary MuiButton-sizeMedium MuiButton-textSizeMedium css-9479yy-MuiButtonBase-root-MuiButton-root"
                tabindex="0"
                type="button"
              >
                Regístrate.
                <span
                  class="MuiTouchRipple-root css-8je8zh-MuiTouchRipple-root"
                />
              </button>
            </div>
            <div
              class="MuiGrid-root MuiGrid-container css-1hbmzt3-MuiGrid-root"
            >
              <p
                class="MuiTypography-root MuiTypography-body1 css-h3yix-MuiTypography-root"
              >
                ¿Olvidaste tu contraseña?
              </p>
              <button
                class="MuiButtonBase-root MuiButton-root MuiButton-text MuiButton-textPrimary MuiButton-sizeSmall MuiButton-textSizeSmall MuiButton-root MuiButton-text MuiButton-textPrimary MuiButton-sizeSmall MuiButton-textSizeSmall css-a7ydnc-MuiButtonBase-root-MuiButton-root"
                tabindex="0"
                type="button"
              >
                recuperar contraseña
                <span
                  class="MuiTouchRipple-root css-8je8zh-MuiTouchRipple-root"
                />
              </button>
            </div>
          </div>
          <div
            class="MuiGrid-root MuiGrid-item MuiGrid-grid-xs-12 css-rv5gml-MuiGrid-root"
          >
            <div
              class="MuiBox-root css-1muppml"
            >
              <span
                class="MuiTypography-root MuiTypography-subtitle2 css-492r7h-MuiTypography-root"
              >
                O inicia sesion con
              </span>
            </div>
            <div
              class="MuiGrid-root MuiGrid-container css-1lym95h-MuiGrid-root"
            >
              <button
                class="MuiButtonBase-root MuiIconButton-root MuiIconButton-sizeMedium css-1kryon7-MuiButtonBase-root-MuiIconButton-root"
                tabindex="0"
                type="button"
              >
                <svg
                  enable-background="new 0 0 48 48"
                  fill="currentColor"
                  height="1em"
                  stroke="currentColor"
                  stroke-width="0"
                  version="1.1"
                  viewBox="0 0 48 48"
                  width="1em"
                  x="0px"
                  xmlns="http://www.w3.org/2000/svg"
                  y="0px"
                >
                  <path
                    d="M43.611,20.083H42V20H24v8h11.303c-1.649,4.657-6.08,8-11.303,8c-6.627,0-12-5.373-12-12
	c0-6.627,5.373-12,12-12c3.059,0,5.842,1.154,7.961,3.039l5.657-5.657C34.046,6.053,29.268,4,24,4C12.955,4,4,12.955,4,24
	c0,11.045,8.955,20,20,20c11.045,0,20-8.955,20-20C44,22.659,43.862,21.35,43.611,20.083z"
                    fill="#FFC107"
                  />
                  <path
                    d="M6.306,14.691l6.571,4.819C14.655,15.108,18.961,12,24,12c3.059,0,5.842,1.154,7.961,3.039l5.657-5.657
	C34.046,6.053,29.268,4,24,4C16.318,4,9.656,8.337,6.306,14.691z"
                    fill="#FF3D00"
                  />
                  <path
                    d="M24,44c5.166,0,9.86-1.977,13.409-5.192l-6.19-5.238C29.211,35.091,26.715,36,24,36
	c-5.202,0-9.619-3.317-11.283-7.946l-6.522,5.025C9.505,39.556,16.227,44,24,44z"
                    fill="#4CAF50"
                  />
                  <path
                    d="M43.611,20.083H42V20H24v8h11.303c-0.792,2.237-2.231,4.166-4.087,5.571
	c0.001-0.001,0.002-0.001,0.003-0.002l6.19,5.238C36.971,39.205,44,34,44,24C44,22.659,43.862,21.35,43.611,20.083z"
                    fill="#1976D2"
                  />
                </svg>
                <span
                  class="MuiTouchRipple-root css-8je8zh-MuiTouchRipple-root"
                />
              </button>
            </div>
          </div>
        </div>
      </form>
      <div
        aria-label="successful-login-message"
        class="MuiPaper-root MuiPaper-elevation MuiPaper-rounded MuiPaper-elevation0 MuiAlert-root MuiAlert-filledSuccess MuiAlert-filled animate__animated animate__fadeIn css-camg44-MuiPaper-root-MuiAlert-root"
        role="alert"
      >
        <div
          class="MuiAlert-icon css-1ytlwq5-MuiAlert-icon"
        >
          <svg
            aria-hidden="true"
            class="MuiSvgIcon-root MuiSvgIcon-fontSizeInherit css-1vooibu-MuiSvgIcon-root"
            data-testid="SuccessOutlinedIcon"
            focusable="false"
            viewBox="0 0 24 24"
          >
            <path
              d="M20,12A8,8 0 0,1 12,20A8,8 0 0,1 4,12A8,8 0 0,1 12,4C12.76,4 13.5,4.11 14.2, 4.31L15.77,2.74C14.61,2.26 13.34,2 12,2A10,10 0 0,0 2,12A10,10 0 0,0 12,22A10,10 0 0, 0 22,12M7.91,10.08L6.5,11.5L11,16L21,6L19.59,4.58L11,13.17L7.91,10.08Z"
            />
          </svg>
        </div>
        <div
          class="MuiAlert-message css-1pxa9xg-MuiAlert-message"
        >
          Usuario logueado correctamente!
        </div>
      </div>
    </div>
  </div>
</div>
`;
